2026-03-25 17:44:50 - === NEW REQUEST ===
2026-03-25 17:44:50 - Session ID: u98r75ole74o4igbo3nif65o9l
2026-03-25 17:44:50 - Session Data: Array
(
    [user_id] => 4
    [first_name] => John Anthony
    [last_name] => S.
    [role] => owner
    [position] => Store Owner
    [email] => john.s@espenida.com
    [session_tracking] => Array
        (
            [0] => Array
                (
                    [user_id] => 4
                    [action] => login
                    [switched_from] => 
                    [timestamp] => 2026-03-25 17:03:34
                    [ip] => ::1
                )

        )

    [cart] => Array
        (
        )

)

2026-03-25 17:44:50 - POST Data: Array
(
    [action] => test
)

2026-03-25 17:44:50 - GET Data: Array
(
)

2026-03-25 17:44:50 - === NEW REQUEST ===
2026-03-25 17:44:50 - Session ID: u98r75ole74o4igbo3nif65o9l
2026-03-25 17:44:50 - Session Data: Array
(
    [user_id] => 4
    [first_name] => John Anthony
    [last_name] => S.
    [role] => owner
    [position] => Store Owner
    [email] => john.s@espenida.com
    [session_tracking] => Array
        (
            [0] => Array
                (
                    [user_id] => 4
                    [action] => login
                    [switched_from] => 
                    [timestamp] => 2026-03-25 17:03:34
                    [ip] => ::1
                )

        )

    [cart] => Array
        (
        )

)

2026-03-25 17:44:50 - POST Data: Array
(
    [action] => test
)

2026-03-25 17:44:50 - GET Data: Array
(
)

2026-03-25 17:44:50 - === NEW REQUEST ===
2026-03-25 17:44:50 - Session ID: u98r75ole74o4igbo3nif65o9l
2026-03-25 17:44:50 - Session Data: Array
(
    [user_id] => 4
    [first_name] => John Anthony
    [last_name] => S.
    [role] => owner
    [position] => Store Owner
    [email] => john.s@espenida.com
    [session_tracking] => Array
        (
            [0] => Array
                (
                    [user_id] => 4
                    [action] => login
                    [switched_from] => 
                    [timestamp] => 2026-03-25 17:03:34
                    [ip] => ::1
                )

        )

    [cart] => Array
        (
        )

)

2026-03-25 17:44:50 - POST Data: Array
(
    [action] => test
)

2026-03-25 17:44:50 - GET Data: Array
(
)

2026-03-25 17:44:50 - === NEW REQUEST ===
2026-03-25 17:44:50 - Session ID: u98r75ole74o4igbo3nif65o9l
2026-03-25 17:44:50 - Session Data: Array
(
    [user_id] => 4
    [first_name] => John Anthony
    [last_name] => S.
    [role] => owner
    [position] => Store Owner
    [email] => john.s@espenida.com
    [session_tracking] => Array
        (
            [0] => Array
                (
                    [user_id] => 4
                    [action] => login
                    [switched_from] => 
                    [timestamp] => 2026-03-25 17:03:34
                    [ip] => ::1
                )

        )

    [cart] => Array
        (
        )

)

2026-03-25 17:44:50 - POST Data: Array
(
    [action] => test
)

2026-03-25 17:44:50 - GET Data: Array
(
)

2026-03-25 17:44:51 - === NEW REQUEST ===
2026-03-25 17:44:51 - Session ID: u98r75ole74o4igbo3nif65o9l
2026-03-25 17:44:51 - Session Data: Array
(
    [user_id] => 4
    [first_name] => John Anthony
    [last_name] => S.
    [role] => owner
    [position] => Store Owner
    [email] => john.s@espenida.com
    [session_tracking] => Array
        (
            [0] => Array
                (
                    [user_id] => 4
                    [action] => login
                    [switched_from] => 
                    [timestamp] => 2026-03-25 17:03:34
                    [ip] => ::1
                )

        )

    [cart] => Array
        (
        )

)

2026-03-25 17:44:51 - POST Data: Array
(
    [action] => test
)

2026-03-25 17:44:51 - GET Data: Array
(
)

2026-03-25 17:44:51 - === NEW REQUEST ===
2026-03-25 17:44:51 - Session ID: u98r75ole74o4igbo3nif65o9l
2026-03-25 17:44:51 - Session Data: Array
(
    [user_id] => 4
    [first_name] => John Anthony
    [last_name] => S.
    [role] => owner
    [position] => Store Owner
    [email] => john.s@espenida.com
    [session_tracking] => Array
        (
            [0] => Array
                (
                    [user_id] => 4
                    [action] => login
                    [switched_from] => 
                    [timestamp] => 2026-03-25 17:03:34
                    [ip] => ::1
                )

        )

    [cart] => Array
        (
        )

)

2026-03-25 17:44:51 - POST Data: Array
(
    [action] => test
)

2026-03-25 17:44:51 - GET Data: Array
(
)

2026-03-25 17:44:51 - === NEW REQUEST ===
2026-03-25 17:44:51 - Session ID: u98r75ole74o4igbo3nif65o9l
2026-03-25 17:44:51 - Session Data: Array
(
    [user_id] => 4
    [first_name] => John Anthony
    [last_name] => S.
    [role] => owner
    [position] => Store Owner
    [email] => john.s@espenida.com
    [session_tracking] => Array
        (
            [0] => Array
                (
                    [user_id] => 4
                    [action] => login
                    [switched_from] => 
                    [timestamp] => 2026-03-25 17:03:34
                    [ip] => ::1
                )

        )

    [cart] => Array
        (
        )

)

2026-03-25 17:44:51 - POST Data: Array
(
    [action] => test
)

2026-03-25 17:44:51 - GET Data: Array
(
)

2026-03-25 17:44:51 - === NEW REQUEST ===
2026-03-25 17:44:51 - Session ID: u98r75ole74o4igbo3nif65o9l
2026-03-25 17:44:51 - Session Data: Array
(
    [user_id] => 4
    [first_name] => John Anthony
    [last_name] => S.
    [role] => owner
    [position] => Store Owner
    [email] => john.s@espenida.com
    [session_tracking] => Array
        (
            [0] => Array
                (
                    [user_id] => 4
                    [action] => login
                    [switched_from] => 
                    [timestamp] => 2026-03-25 17:03:34
                    [ip] => ::1
                )

        )

    [cart] => Array
        (
        )

)

2026-03-25 17:44:51 - POST Data: Array
(
    [action] => test
)

2026-03-25 17:44:51 - GET Data: Array
(
)

2026-03-25 17:44:57 - === NEW REQUEST ===
2026-03-25 17:44:57 - Session ID: u98r75ole74o4igbo3nif65o9l
2026-03-25 17:44:57 - Session Data: Array
(
    [user_id] => 4
    [first_name] => John Anthony
    [last_name] => S.
    [role] => owner
    [position] => Store Owner
    [email] => john.s@espenida.com
    [session_tracking] => Array
        (
            [0] => Array
                (
                    [user_id] => 4
                    [action] => login
                    [switched_from] => 
                    [timestamp] => 2026-03-25 17:03:34
                    [ip] => ::1
                )

        )

    [cart] => Array
        (
        )

)

2026-03-25 17:44:57 - POST Data: Array
(
    [action] => save_transaction
    [user_id] => 4
    [customer_name] => Walk-in Customer
    [items] => [{"id":47,"name":"Cat food","price":25,"quantity":1}]
    [total] => 25
    [payment] => 50
    [change] => 25
    [payment_method] => cash
    [notes] => 
    [cashier] => John Anthony S.
    [cashier_role] => owner
)

2026-03-25 17:44:57 - GET Data: Array
(
)

2026-03-25 17:44:57 - === SAVE TRANSACTION START ===
2026-03-25 17:44:57 - Step 1 - User ID from session: 4
2026-03-25 17:44:57 - Step 1 - Valid user_id: 4
2026-03-25 17:44:57 - Step 2 - User verification result: Array
(
    [id] => 4
    [first_name] => John Anthony
    [last_name] => S.
    [is_active] => 1
)

2026-03-25 17:44:57 - Step 3 - Items received: Array
(
    [0] => Array
        (
            [id] => 47
            [name] => Cat food
            [price] => 25
            [quantity] => 1
        )

)

2026-03-25 17:44:57 - Step 4 - Transaction data: Array
(
    [user_id] => 4
    [total] => 25
    [payment] => 50
    [method] => cash
    [cashier] => John Anthony S.
)

2026-03-25 17:44:57 - Step 5 - Database transaction started
2026-03-25 17:44:57 - Step 6 - SQL Query: INSERT INTO transactions (user_id, items, total_amount, payment_method, created_at) 
                        VALUES (:user_id, :items, :total, :payment_method, NOW())
2026-03-25 17:44:57 - Step 6 - Parameters: Array
(
    [:user_id] => 4
    [:items] => [{"id":47,"name":"Cat food","price":25,"quantity":1}]
    [:total] => 25
    [:payment_method] => cash
)

2026-03-25 17:44:57 - Step 6 - Transaction inserted with ID: 163
2026-03-25 17:44:57 - Step 7 - Inserting item 0: Array
(
    [id] => 47
    [name] => Cat food
    [price] => 25
    [quantity] => 1
)

2026-03-25 17:44:57 - ERROR - Transaction failed: SQLSTATE[23000]: Integrity constraint violation: 1048 Column 'user_id' cannot be null
2026-03-25 17:44:57 - ERROR - Stack trace: #0 D:\xampp\htdocs\Capstone\ajax\transaction_ajax.php(195): PDOStatement->execute(Array)
#1 {main}
2026-03-25 17:45:07 - === NEW REQUEST ===
2026-03-25 17:45:07 - Session ID: u98r75ole74o4igbo3nif65o9l
2026-03-25 17:45:07 - Session Data: Array
(
    [user_id] => 4
    [first_name] => John Anthony
    [last_name] => S.
    [role] => owner
    [position] => Store Owner
    [email] => john.s@espenida.com
    [session_tracking] => Array
        (
            [0] => Array
                (
                    [user_id] => 4
                    [action] => login
                    [switched_from] => 
                    [timestamp] => 2026-03-25 17:03:34
                    [ip] => ::1
                )

        )

    [cart] => Array
        (
        )

)

2026-03-25 17:45:07 - POST Data: Array
(
    [action] => test
)

2026-03-25 17:45:07 - GET Data: Array
(
)

2026-03-25 17:45:07 - === NEW REQUEST ===
2026-03-25 17:45:07 - Session ID: u98r75ole74o4igbo3nif65o9l
2026-03-25 17:45:07 - Session Data: Array
(
    [user_id] => 4
    [first_name] => John Anthony
    [last_name] => S.
    [role] => owner
    [position] => Store Owner
    [email] => john.s@espenida.com
    [session_tracking] => Array
        (
            [0] => Array
                (
                    [user_id] => 4
                    [action] => login
                    [switched_from] => 
                    [timestamp] => 2026-03-25 17:03:34
                    [ip] => ::1
                )

        )

    [cart] => Array
        (
        )

)

2026-03-25 17:45:07 - POST Data: Array
(
    [action] => test
)

2026-03-25 17:45:07 - GET Data: Array
(
)

2026-03-25 17:45:07 - === NEW REQUEST ===
2026-03-25 17:45:07 - Session ID: u98r75ole74o4igbo3nif65o9l
2026-03-25 17:45:07 - Session Data: Array
(
    [user_id] => 4
    [first_name] => John Anthony
    [last_name] => S.
    [role] => owner
    [position] => Store Owner
    [email] => john.s@espenida.com
    [session_tracking] => Array
        (
            [0] => Array
                (
                    [user_id] => 4
                    [action] => login
                    [switched_from] => 
                    [timestamp] => 2026-03-25 17:03:34
                    [ip] => ::1
                )

        )

    [cart] => Array
        (
        )

)

2026-03-25 17:45:07 - POST Data: Array
(
    [action] => test
)

2026-03-25 17:45:07 - GET Data: Array
(
)

2026-03-25 17:45:07 - === NEW REQUEST ===
2026-03-25 17:45:07 - Session ID: u98r75ole74o4igbo3nif65o9l
2026-03-25 17:45:07 - Session Data: Array
(
    [user_id] => 4
    [first_name] => John Anthony
    [last_name] => S.
    [role] => owner
    [position] => Store Owner
    [email] => john.s@espenida.com
    [session_tracking] => Array
        (
            [0] => Array
                (
                    [user_id] => 4
                    [action] => login
                    [switched_from] => 
                    [timestamp] => 2026-03-25 17:03:34
                    [ip] => ::1
                )

        )

    [cart] => Array
        (
        )

)

2026-03-25 17:45:07 - POST Data: Array
(
    [action] => test
)

2026-03-25 17:45:07 - GET Data: Array
(
)

2026-03-25 17:45:07 - === NEW REQUEST ===
2026-03-25 17:45:07 - Session ID: u98r75ole74o4igbo3nif65o9l
2026-03-25 17:45:07 - Session Data: Array
(
    [user_id] => 4
    [first_name] => John Anthony
    [last_name] => S.
    [role] => owner
    [position] => Store Owner
    [email] => john.s@espenida.com
    [session_tracking] => Array
        (
            [0] => Array
                (
                    [user_id] => 4
                    [action] => login
                    [switched_from] => 
                    [timestamp] => 2026-03-25 17:03:34
                    [ip] => ::1
                )

        )

    [cart] => Array
        (
        )

)

2026-03-25 17:45:07 - POST Data: Array
(
    [action] => test
)

2026-03-25 17:45:07 - GET Data: Array
(
)

2026-03-25 17:45:08 - === NEW REQUEST ===
2026-03-25 17:45:08 - Session ID: u98r75ole74o4igbo3nif65o9l
2026-03-25 17:45:08 - Session Data: Array
(
    [user_id] => 4
    [first_name] => John Anthony
    [last_name] => S.
    [role] => owner
    [position] => Store Owner
    [email] => john.s@espenida.com
    [session_tracking] => Array
        (
            [0] => Array
                (
                    [user_id] => 4
                    [action] => login
                    [switched_from] => 
                    [timestamp] => 2026-03-25 17:03:34
                    [ip] => ::1
                )

        )

    [cart] => Array
        (
        )

)

2026-03-25 17:45:08 - POST Data: Array
(
    [action] => test
)

2026-03-25 17:45:08 - GET Data: Array
(
)

2026-03-25 17:45:08 - === NEW REQUEST ===
2026-03-25 17:45:08 - Session ID: u98r75ole74o4igbo3nif65o9l
2026-03-25 17:45:08 - Session Data: Array
(
    [user_id] => 4
    [first_name] => John Anthony
    [last_name] => S.
    [role] => owner
    [position] => Store Owner
    [email] => john.s@espenida.com
    [session_tracking] => Array
        (
            [0] => Array
                (
                    [user_id] => 4
                    [action] => login
                    [switched_from] => 
                    [timestamp] => 2026-03-25 17:03:34
                    [ip] => ::1
                )

        )

    [cart] => Array
        (
        )

)

2026-03-25 17:45:08 - POST Data: Array
(
    [action] => test
)

2026-03-25 17:45:08 - GET Data: Array
(
)

2026-03-25 17:45:08 - === NEW REQUEST ===
2026-03-25 17:45:08 - Session ID: u98r75ole74o4igbo3nif65o9l
2026-03-25 17:45:08 - Session Data: Array
(
    [user_id] => 4
    [first_name] => John Anthony
    [last_name] => S.
    [role] => owner
    [position] => Store Owner
    [email] => john.s@espenida.com
    [session_tracking] => Array
        (
            [0] => Array
                (
                    [user_id] => 4
                    [action] => login
                    [switched_from] => 
                    [timestamp] => 2026-03-25 17:03:34
                    [ip] => ::1
                )

        )

    [cart] => Array
        (
        )

)

2026-03-25 17:45:08 - POST Data: Array
(
    [action] => test
)

2026-03-25 17:45:08 - GET Data: Array
(
)

2026-03-25 17:45:09 - === NEW REQUEST ===
2026-03-25 17:45:09 - Session ID: u98r75ole74o4igbo3nif65o9l
2026-03-25 17:45:09 - Session Data: Array
(
    [user_id] => 4
    [first_name] => John Anthony
    [last_name] => S.
    [role] => owner
    [position] => Store Owner
    [email] => john.s@espenida.com
    [session_tracking] => Array
        (
            [0] => Array
                (
                    [user_id] => 4
                    [action] => login
                    [switched_from] => 
                    [timestamp] => 2026-03-25 17:03:34
                    [ip] => ::1
                )

        )

    [cart] => Array
        (
        )

)

2026-03-25 17:45:09 - POST Data: Array
(
    [action] => test
)

2026-03-25 17:45:09 - GET Data: Array
(
)

2026-03-25 17:45:09 - === NEW REQUEST ===
2026-03-25 17:45:09 - Session ID: u98r75ole74o4igbo3nif65o9l
2026-03-25 17:45:09 - Session Data: Array
(
    [user_id] => 4
    [first_name] => John Anthony
    [last_name] => S.
    [role] => owner
    [position] => Store Owner
    [email] => john.s@espenida.com
    [session_tracking] => Array
        (
            [0] => Array
                (
                    [user_id] => 4
                    [action] => login
                    [switched_from] => 
                    [timestamp] => 2026-03-25 17:03:34
                    [ip] => ::1
                )

        )

    [cart] => Array
        (
        )

)

2026-03-25 17:45:09 - POST Data: Array
(
    [action] => test
)

2026-03-25 17:45:09 - GET Data: Array
(
)

2026-03-25 17:45:09 - === NEW REQUEST ===
2026-03-25 17:45:09 - Session ID: u98r75ole74o4igbo3nif65o9l
2026-03-25 17:45:09 - Session Data: Array
(
    [user_id] => 4
    [first_name] => John Anthony
    [last_name] => S.
    [role] => owner
    [position] => Store Owner
    [email] => john.s@espenida.com
    [session_tracking] => Array
        (
            [0] => Array
                (
                    [user_id] => 4
                    [action] => login
                    [switched_from] => 
                    [timestamp] => 2026-03-25 17:03:34
                    [ip] => ::1
                )

        )

    [cart] => Array
        (
        )

)

2026-03-25 17:45:09 - POST Data: Array
(
    [action] => test
)

2026-03-25 17:45:09 - GET Data: Array
(
)

